============================= test session starts =============================
platform win32 -- Python 3.13.0, pytest-9.0.3, pluggy-1.6.0 -- C:\Users\cuney\AppData\Local\Programs\Python\Python313\python.exe
cachedir: .pytest_cache
rootdir: C:\Users\cuney\Drive'ým\kiralama_projesi_v4
configfile: pytest.ini
collecting ... collected 1 item

tests/test_tam_akis_senaryosu.py::TestTamAkisSenaryosu::test_tam_is_akisi_senaryosu 
[1] Admin kullanici olusturma...
  [OK] Admin kullanici olusturuldu: test_admin
  [OK] Admin baþarýyla oturum açtý

[OK] ADIM 2: Sube / Depo olusturma...
  [OK] Sube olusturuldu: Test Þubesi

[OK] ADIM 3: Musteri Firma olusturma...
  [OK] Musteri Firma olusturuldu: Test Müþteri A.Þ.

[OK] ADIM 4: Tedarikci Firma olusturma...
  [OK] Tedarikci Firma olusturuldu: Test Tedarikçi Ltd.

[OK] ADIM 5: Ekipman (Makine) olusturma...
  [OK] Ekipman olusturuldu: KOD-86A07298

[OK] ADIM 6: Kiralama Kaydi olusturma...
  [OK] Kiralama olusturuldu: PF-TEST-429f49

[OK] ADIM 7: Cari Hizmet Kaydi olusturma...
  [OK] Cari Hizmet Kaydi olusturuldu: FAT-158eba
  [OK] Musterinin 1 adet cari hareketi var

[OK] ADIM 8: Dis Tedarik Kiralama Kalemi olusturma...
  [OK] Dis Tedarik Kalemi olusturuldu: Dell

[OK] ADIM 9: Nakliye Araci olusturma...
  [OK] Nakliye Araci olusturuldu: 34FD3D24

[OK] ADIM 10: Nakliye (Sefer) Kaydi olusturma...
  [OK] Nakliye Kaydi olusturuldu: Istanbul - Ankara

[OK] ADIM 11: Stok Karti olusturma...
  [OK] Stok Karti olusturuldu: KOD-6474813F

[OK] ADIM 12: Stok Hareketi (Giris) olusturma...
  [OK] Stok Hareketi olusturuldu: 25 adet

[OK] ADIM 13: Personel kaydi olusturma...
  [OK] Personel kaydi olusturuldu: Ahmet Yilmaz

[OK] ADIM 14: Takvim Hatirlatmasi olusturma...
  [OK] Takvim Hatirlatmasi olusturuldu: Makine Bakimi

======================================================================
FINAL DOGRULAMA: TUM KAYITLAR VERITABANINDA MEVCUT
======================================================================
[OK] Admin kullanýcý: MEVCUT
[OK] Müþteri Firma: Test Müþteri A.Þ.
[OK] Tedarikçi Firma: Test Tedarikçi Ltd.
[OK] Þube / Depo: Test Þubesi
[OK] Ekipman (Makine): KOD-86A07298
[OK] Kiralama: PF-TEST-429f49 (1 kalem)
[OK] Cari Hizmet Kaydý: FAT-158eba
[OK] Dýþ Tedarik Ekipmaný: Dell
[OK] Nakliye Aracý: 34FD3D24
[OK] Nakliye (Sefer): Istanbul - Ankara
[OK] Stok Kartý: KOD-6474813F
[OK] Stok Hareketi: 25 adet
[OK] Personel: Ahmet Yilmaz
[OK] Takvim Hatýrlatmasý: Makine Bakimi

======================================================================
[PASS] TAM ÝÞ AKIÞI ENTEGRASYON TESTÝ BAÞARILI TAMAMLANDI!
======================================================================

    Yapýlan Ýþlemler:
    [OK] Admin kullanýcý giriþ yaptý
    [OK] Þube / Depo tanýmlandý
    [OK] Müþteri Firma oluþturuldu
    [OK] Tedarikçi Firma oluþturuldu
    [OK] Ekipman (Makine) oluþturuldu
    [OK] Normal Kiralama kaydý oluþturuldu
    [OK] Kiralama Cari'ye (HizmetKaydi) iþlendi
    [OK] Dýþ Tedarik Ekipmaný tanýmlandý
    [OK] Nakliye Aracý oluþturuldu
    [OK] Nakliye Seferi kaydedildi
    [OK] Stok Kartý oluþturuldu
    [OK] Stok Hareketi (Giriþ) kaydedildi
    [OK] Personel kaydý oluþturuldu
    [OK] Takvim Hatýrlatmasý oluþturuldu

    Tüm Veritabaný Kayýtlarý Doðrulandý!
        
PASSED

============================== 1 passed in 0.78s ==============================
